Microchip MPLAB XC8 Compiler V1.34 ()

Linker command line:

--edf=C:\Program Files (x86)\Microchip\xc8\v1.34\dat\en_msgs.txt -cs \
  -h+dist/default/production\PR25.X.production.sym \
  --cmf=dist/default/production\PR25.X.production.cmf -z -Q16F876A \
  -oC:\Users\TRAINE~1\AppData\Local\Temp\s59o.6 \
  -Mdist/default/production/PR25.X.production.map -E1 -ver=XC8 \
  -ASTACK=0110h-016fh -pstack=STACK -ACODE=00h-07FFhx4 -ASTRCODE=00h-01FFFh \
  -ASTRING=00h-0FFhx32 -ACONST=00h-0FFhx32 -AENTRY=00h-0FFhx32 \
  -ACOMMON=070h-07Fh -ABANK0=020h-06Fh -ABANK1=0A0h-0EFh \
  -ABANK2=0110h-016Fh -ABANK3=0190h-01EFh \
  -ARAM=020h-06Fh,0A0h-0EFh,0110h-016Fh,0190h-01EFh \
  -AABS1=020h-07Fh,0A0h-0EFh,0110h-016Fh,0190h-01EFh -ASFR0=00h-01Fh \
  -ASFR1=080h-09Fh -ASFR2=0100h-010Fh -ASFR3=0180h-018Fh \
  -preset_vec=00h,intentry,init,end_init -ppowerup=CODE -pcinit=CODE \
  -pfunctab=CODE -ACONFIG=02007h-02007h -pconfig=CONFIG -DCONFIG=2 \
  -AIDLOC=02000h-02003h -pidloc=IDLOC -DIDLOC=2 -AEEDATA=00h-0FFh/02100h \
  -peeprom_data=EEDATA -DEEDATA=2 -DCODE=2 -DSTRCODE=2 -DSTRING=2 -DCONST=2 \
  -DENTRY=2 -k C:\Users\TRAINE~1\AppData\Local\Temp\s59o.obj \
  dist/default/production\PR25.X.production.obj 

Object code version is 3.11

Machine type is 16F876A



                Name                               Link     Load   Length Selector   Space Scale
C:\Users\TRAINE~1\AppData\Local\Temp\s59o.obj
                end_init                              0        0        3        0       0
                config                             2007     2007        1     400E       0
dist/default/production\PR25.X.production.obj
                cinit                               7D8      7D8       28      FB0       0
                text11                              FD4      FD4       16     1FA8       0
                text10                               D8       D8       1F      1B0       0
                text9                                AA       AA       17      154       0
                text8                               116      116       3A      22C       0
                text7                               FC2      FC2       12     1F84       0
                text6                               FEA      FEA       16     1FD4       0
                text5                               19C      19C       5E      338       0
                text4                               150      150       4C      2A0       0
                text3                                C1       C1       17      182       0
                text2                               1FA      1FA      273      3F4       0
                text1                                F7       F7       1F      1EE       0
                maintext                            46D      46D      36B      8DA       0
                cstackBANK0                          20       20       33       20       1
                cstackCOMMON                         70       70        E       70       1
                dataBANK0                            53       53        6       20       1
                strings                               3        3       A0        6       0
                idataBANK0                           A4       A4        6      148       0

TOTAL           Name                               Link     Load   Length     Space
        CLASS   STACK          

        CLASS   CODE           
                end_init                              0        0        3         0
                cinit                               7D8      7D8       28         0
                text11                              FD4      FD4       16         0
                text10                               D8       D8       1F         0
                text9                                AA       AA       17         0
                text8                               116      116       3A         0
                text7                               FC2      FC2       12         0
                text6                               FEA      FEA       16         0
                text5                               19C      19C       5E         0
                text4                               150      150       4C         0
                text3                                C1       C1       17         0
                text2                               1FA      1FA      273         0
                text1                                F7       F7       1F         0
                maintext                            46D      46D      36B         0
                idataBANK0                           A4       A4        6         0

        CLASS   STRCODE        

        CLASS   STRING         
                strings                               3        3       A0         0

        CLASS   CONST          

        CLASS   ENTRY          

        CLASS   COMMON         
                cstackCOMMON                         70       70        E         1

        CLASS   BANK0          
                cstackBANK0                          20       20       33         1
                dataBANK0                            53       53        6         1

        CLASS   BANK1          

        CLASS   BANK2          

        CLASS   BANK3          

        CLASS   RAM            

        CLASS   ABS1           
                abs_s1                               7E       7E        2         1

        CLASS   SFR0           

        CLASS   SFR1           

        CLASS   SFR2           

        CLASS   SFR3           

        CLASS   CONFIG         
                config                             2007     2007        1         0

        CLASS   IDLOC          

        CLASS   EEDATA         



SEGMENTS        Name                           Load    Length   Top    Selector   Space  Class     Delta

                reset_vec                      000000  000003  000003         0       0  CODE        2
                strings                        000003  0000A0  0000A3         6       0  STRING      2
                cstackBANK0                    000020  000039  000059        20       1  BANK0       1
                cstackCOMMON                   000070  00000E  00007E        70       1  COMMON      1
                idataBANK0                     0000A4  000006  0000AA       148       0  CODE        2
                text9                          0000AA  000017  0000C1       154       0  CODE        2
                text3                          0000C1  000017  0000D8       182       0  CODE        2
                text10                         0000D8  00001F  0000F7       1B0       0  CODE        2
                text1                          0000F7  00001F  000116       1EE       0  CODE        2
                text8                          000116  00003A  000150       22C       0  CODE        2
                text4                          000150  00004C  00019C       2A0       0  CODE        2
                text5                          00019C  00005E  0001FA       338       0  CODE        2
                text2                          0001FA  000273  00046D       3F4       0  CODE        2
                maintext                       00046D  00036B  0007D8       8DA       0  CODE        2
                cinit                          0007D8  000028  000800       FB0       0  CODE        2
                text7                          000FC2  000012  000FD4      1F84       0  CODE        2
                text11                         000FD4  000016  000FEA      1FA8       0  CODE        2
                text6                          000FEA  000016  001000      1FD4       0  CODE        2
                config                         002007  000001  002008      400E       0  CONFIG      2


UNUSED ADDRESS RANGES

        Name                Unused          Largest block    Delta
        BANK0            0059-006F             17           1
        BANK1            00A0-00EF             50           1
        BANK2            0110-016F             60           1
        BANK3            0190-01EF             60           1
        CODE             00A3-00A3              1           2
                         0800-0FC1            7C2
                         1000-1FFF            800
        CONST            00A3-00A3              1           2
                         0800-0FC1            100
                         1000-1FFF            100
        EEDATA           2100-21FF            100           2
        ENTRY            00A3-00A3              1           2
                         0800-0FC1            100
                         1000-1FFF            100
        IDLOC            2000-2003              4           2
        RAM              0059-006F             17           1
                         00A0-00EF             50
                         0110-016F             60
                         0190-01EF             60
        SFR0             0000-001F             20           1
        SFR1             0080-009F             20           1
        SFR2             0100-010F             10           1
        SFR3             0180-018F             10           1
        STACK            0110-016F             60           1
        STRCODE          00A3-00A3              1           2
                         0800-0FC1            7C2
                         1000-1FFF           1000
        STRING           00A3-00A3              1           2
                         0800-0FC1            100
                         1000-1FFF            100

                                  Symbol Table

?___lldiv                cstackCOMMON 0070
?___llmod                cstackCOMMON 0070
_ADCON1                  (abs)        009F
_PORTB                   (abs)        0006
_RA0                     (abs)        0028
_RA1                     (abs)        0029
_RA4                     (abs)        002C
_RC1                     (abs)        0039
_RC2                     (abs)        003A
_RC3                     (abs)        003B
_RC4                     (abs)        003C
_RC5                     (abs)        003D
_TRISA                   (abs)        0085
_TRISB                   (abs)        0086
_TRISC                   (abs)        0087
__CFG_BOREN$OFF          (abs)        0000
__CFG_CP$OFF             (abs)        0000
__CFG_CPD$OFF            (abs)        0000
__CFG_DEBUG$OFF          (abs)        0000
__CFG_FOSC$HS            (abs)        0000
__CFG_LVP$OFF            (abs)        0000
__CFG_PWRTE$ON           (abs)        0000
__CFG_WDTE$OFF           (abs)        0000
__CFG_WRT$OFF            (abs)        0000
__Habs1                  abs1         0000
__Hbank0                 bank0        0000
__Hbank1                 bank1        0000
__Hbank2                 bank2        0000
__Hbank3                 bank3        0000
__Hcinit                 cinit        0800
__Hclrtext               clrtext      0000
__Hcode                  code         0000
__Hcommon                common       0000
__Hconfig                config       2008
__HcstackBANK0           cstackBANK0  0000
__HcstackCOMMON          cstackCOMMON 0000
__HdataBANK0             dataBANK0    0000
__Heeprom_data           eeprom_data  0000
__Hend_init              end_init     0003
__Hfunctab               functab      0000
__HidataBANK0            idataBANK0   0000
__Hidloc                 idloc        0000
__Hinit                  init         0000
__Hintentry              intentry     0000
__Hmaintext              maintext     0000
__Hpowerup               powerup      0000
__Hram                   ram          0000
__Hreset_vec             reset_vec    0000
__Hsfr0                  sfr0         0000
__Hsfr1                  sfr1         0000
__Hsfr2                  sfr2         0000
__Hsfr3                  sfr3         0000
__Hspace_0               (abs)        2008
__Hspace_1               (abs)        007E
__Hspace_2               (abs)        0000
__Hspace_3               (abs)        0000
__Hstack                 stack        0000
__Hstrings               strings      0000
__Htext                  text         0000
__Labs1                  abs1         0000
__Lbank0                 bank0        0000
__Lbank1                 bank1        0000
__Lbank2                 bank2        0000
__Lbank3                 bank3        0000
__Lcinit                 cinit        07D8
__Lclrtext               clrtext      0000
__Lcode                  code         0000
__Lcommon                common       0000
__Lconfig                config       2007
__LcstackBANK0           cstackBANK0  0000
__LcstackCOMMON          cstackCOMMON 0000
__LdataBANK0             dataBANK0    0000
__Leeprom_data           eeprom_data  0000
__Lend_init              end_init     0000
__Lfunctab               functab      0000
__LidataBANK0            idataBANK0   0000
__Lidloc                 idloc        0000
__Linit                  init         0000
__Lintentry              intentry     0000
__Lmaintext              maintext     0000
__Lpowerup               powerup      0000
__Lram                   ram          0000
__Lreset_vec             reset_vec    0000
__Lsfr0                  sfr0         0000
__Lsfr1                  sfr1         0000
__Lsfr2                  sfr2         0000
__Lsfr3                  sfr3         0000
__Lspace_0               (abs)        0000
__Lspace_1               (abs)        0000
__Lspace_2               (abs)        0000
__Lspace_3               (abs)        0000
__Lstack                 stack        0000
__Lstrings               strings      0000
__Ltext                  text         0000
__S0                     (abs)        2008
__S1                     (abs)        007E
__S2                     (abs)        0000
__S3                     (abs)        0000
___int_sp                stack        0000
___latbits               (abs)        0002
___lldiv                 text5        019C
___lldiv@counter         cstackCOMMON 007D
___lldiv@dividend        cstackCOMMON 0074
___lldiv@divisor         cstackCOMMON 0070
___lldiv@quotient        cstackCOMMON 0079
___llmod                 text4        0150
___llmod@counter         cstackCOMMON 0079
___llmod@dividend        cstackCOMMON 0074
___llmod@divisor         cstackCOMMON 0070
___sp                    stack        0000
__end_of___lldiv         text5        01FA
__end_of___llmod         text4        019C
__end_of__initialization cinit        07FC
__end_of__stringtab      strings      0009
__end_of_delay           text11       0FEA
__end_of_e_pulse         text10       00F7
__end_of_init            text8        0150
__end_of_lcd_clr         text7        0FD4
__end_of_lcd_goto        text6        1000
__end_of_main            maintext     07D8
__end_of_send_char       text3        00D8
__end_of_send_config     text9        00C1
__end_of_send_dec        text2        046D
__end_of_send_string     text1        0116
__initialization         cinit        07D8
__pcstackBANK0           cstackBANK0  0020
__pcstackCOMMON          cstackCOMMON 0070
__pdataBANK0             dataBANK0    0053
__pidataBANK0            idataBANK0   00A4
__pmaintext              maintext     046D
__pstrings               strings      0003
__ptext1                 text1        00F7
__ptext10                text10       00D8
__ptext11                text11       0FD4
__ptext2                 text2        01FA
__ptext3                 text3        00C1
__ptext4                 text4        0150
__ptext5                 text5        019C
__ptext6                 text6        0FEA
__ptext7                 text7        0FC2
__ptext8                 text8        0116
__ptext9                 text9        00AA
__size_of___lldiv        (abs)        0000
__size_of___llmod        (abs)        0000
__size_of_delay          (abs)        0000
__size_of_e_pulse        (abs)        0000
__size_of_init           (abs)        0000
__size_of_lcd_clr        (abs)        0000
__size_of_lcd_goto       (abs)        0000
__size_of_main           (abs)        0000
__size_of_send_char      (abs)        0000
__size_of_send_config    (abs)        0000
__size_of_send_dec       (abs)        0000
__size_of_send_string    (abs)        0000
__stringbase             strings      0008
__stringtab              strings      0003
_delay                   text11       0FD4
_e_pulse                 text10       00D8
_init                    text8        0116
_lcd_clr                 text7        0FC2
_lcd_goto                text6        0FEA
_main                    maintext     046D
_send_char               text3        00C1
_send_config             text9        00AA
_send_dec                text2        01FA
_send_string             text1        00F7
btemp                    (abs)        007E
delay@data               cstackCOMMON 0070
delay@i                  cstackCOMMON 0074
end_of_initialization    cinit        07FC
intlevel0                functab      0000
intlevel1                functab      0000
intlevel2                functab      0000
intlevel3                functab      0000
intlevel4                functab      0000
intlevel5                functab      0000
lcd_goto@data            cstackCOMMON 0078
ltemp                    (abs)        007E
ltemp0                   (abs)        007E
ltemp1                   (abs)        0082
ltemp2                   (abs)        0086
ltemp3                   (abs)        0080
main@F1015               dataBANK0    0057
main@F1017               dataBANK0    0053
main@a                   cstackBANK0  004B
main@b                   cstackBANK0  004D
main@convert1            cstackBANK0  0050
main@convert2            cstackBANK0  004E
main@data                cstackBANK0  002A
main@database            cstackBANK0  0044
main@i                   cstackBANK0  0052
main@id1                 cstackBANK0  0049
main@id2                 cstackBANK0  0045
main@mode                cstackBANK0  004C
main@repeat              cstackBANK0  0051
reset_vec                reset_vec    0000
send_char@data           cstackCOMMON 0076
send_config@data         cstackCOMMON 0076
send_dec@data            cstackBANK0  0020
send_dec@num_dig         cstackBANK0  0024
send_string@s            cstackCOMMON 0078
stackhi                  (abs)        0000
stacklo                  (abs)        0000
start                    init         0000
start_initialization     cinit        07D8
ttemp                    (abs)        007E
ttemp0                   (abs)        007E
ttemp1                   (abs)        0081
ttemp2                   (abs)        0084
ttemp3                   (abs)        0087
ttemp4                   (abs)        007F
wtemp                    (abs)        007E
wtemp0                   (abs)        007E
wtemp1                   (abs)        0080
wtemp2                   (abs)        0082
wtemp3                   (abs)        0084
wtemp4                   (abs)        0086
wtemp5                   (abs)        0088
wtemp6                   (abs)        007F


FUNCTION INFORMATION:

 *************** function _main *****************
 Defined at:
		line 64 in file "../../Source file/PR25.c"
 Parameters:    Size  Location     Type
		None
 Auto vars:     Size  Location     Type
  data           26   10[BANK0 ] unsigned char [26]
  id2             4   37[BANK0 ] unsigned int [2]
  convert2        2   46[BANK0 ] unsigned int 
  id1             2   41[BANK0 ] unsigned char [2]
  i               1   50[BANK0 ] unsigned char 
  repeat          1   49[BANK0 ] unsigned char 
  convert1        1   48[BANK0 ] unsigned char 
  b               1   45[BANK0 ] unsigned char 
  mode            1   44[BANK0 ] unsigned char 
  a               1   43[BANK0 ] unsigned char 
  database        1   36[BANK0 ] unsigned char 
 Return value:  Size  Location     Type
		None               void
 Registers used:
		wreg, fsr0l, fsr0h, status,2, status,0, btemp+1, pclath, cstack
 Tracked objects:
		On entry : 
		On exit  : 
		Unchanged: 
 Data sizes:     COMMON   BANK0   BANK1   BANK3   BANK2
      Params:         0       0       0       0       0
      Locals:         0      41       0       0       0
      Temps:          0       5       0       0       0
      Totals:         0      46       0       0       0
Total ram usage:       46 bytes
 Hardware stack levels required when called:    4
 This function calls:
		_delay
		_init
		_lcd_clr
		_lcd_goto
		_send_dec
		_send_string
 This function is called by:
		Startup code after reset
 This function uses a non-reentrant model


 *************** function _send_string *****************
 Defined at:
		line 397 in file "../../Source file/PR25.c"
 Parameters:    Size  Location     Type
  s               1    wreg     PTR const unsigned char 
		 -> STR_14(16), STR_13(8), STR_12(15), STR_11(8), 
		 -> STR_10(14), STR_9(15), STR_8(18), STR_7(8), 
		 -> STR_6(16), STR_5(17), STR_4(14), STR_3(15), 
		 -> STR_2(10), STR_1(11), 
 Auto vars:     Size  Location     Type
  s               1    8[COMMON] PTR const unsigned char 
		 -> STR_14(16), STR_13(8), STR_12(15), STR_11(8), 
		 -> STR_10(14), STR_9(15), STR_8(18), STR_7(8), 
		 -> STR_6(16), STR_5(17), STR_4(14), STR_3(15), 
		 -> STR_2(10), STR_1(11), 
 Return value:  Size  Location     Type
		None               void
 Registers used:
		wreg, fsr0l, fsr0h, status,2, status,0, btemp+1, pclath, cstack
 Tracked objects:
		On entry : 
		On exit  : 
		Unchanged: 
 Data sizes:     COMMON   BANK0   BANK1   BANK3   BANK2
      Params:         0       0       0       0       0
      Locals:         1       0       0       0       0
      Temps:          1       0       0       0       0
      Totals:         2       0       0       0       0
Total ram usage:        2 bytes
 Hardware stack levels used:    1
 Hardware stack levels required when called:    3
 This function calls:
		_send_char
 This function is called by:
		_main
 This function uses a non-reentrant model


 *************** function _send_dec *****************
 Defined at:
		line 315 in file "../../Source file/PR25.c"
 Parameters:    Size  Location     Type
  data            4    0[BANK0 ] unsigned long 
  num_dig         1    4[BANK0 ] unsigned char 
 Auto vars:     Size  Location     Type
		None
 Return value:  Size  Location     Type
		None               void
 Registers used:
		wreg, status,2, status,0, btemp+1, pclath, cstack
 Tracked objects:
		On entry : 
		On exit  : 
		Unchanged: 
 Data sizes:     COMMON   BANK0   BANK1   BANK3   BANK2
      Params:         0       5       0       0       0
      Locals:         0       0       0       0       0
      Temps:          0       0       0       0       0
      Totals:         0       5       0       0       0
Total ram usage:        5 bytes
 Hardware stack levels used:    1
 Hardware stack levels required when called:    3
 This function calls:
		___lldiv
		___llmod
		_send_char
 This function is called by:
		_main
 This function uses a non-reentrant model


 *************** function _send_char *****************
 Defined at:
		line 307 in file "../../Source file/PR25.c"
 Parameters:    Size  Location     Type
  data            1    wreg     unsigned char 
 Auto vars:     Size  Location     Type
  data            1    6[COMMON] unsigned char 
 Return value:  Size  Location     Type
		None               void
 Registers used:
		wreg, status,2, status,0, btemp+1, pclath, cstack
 Tracked objects:
		On entry : 
		On exit  : 
		Unchanged: 
 Data sizes:     COMMON   BANK0   BANK1   BANK3   BANK2
      Params:         0       0       0       0       0
      Locals:         1       0       0       0       0
      Temps:          0       0       0       0       0
      Totals:         1       0       0       0       0
Total ram usage:        1 bytes
 Hardware stack levels used:    1
 Hardware stack levels required when called:    2
 This function calls:
		_delay
		_e_pulse
 This function is called by:
		_send_dec
		_send_string
 This function uses a non-reentrant model


 *************** function ___llmod *****************
 Defined at:
		line 6 in file "C:\Program Files (x86)\Microchip\xc8\v1.34\sources\common\llmod.c"
 Parameters:    Size  Location     Type
  divisor         4    0[COMMON] unsigned long 
  dividend        4    4[COMMON] unsigned long 
 Auto vars:     Size  Location     Type
  counter         1    9[COMMON] unsigned char 
 Return value:  Size  Location     Type
                  4    0[COMMON] unsigned long 
 Registers used:
		wreg, status,2, status,0
 Tracked objects:
		On entry : 
		On exit  : 
		Unchanged: 
 Data sizes:     COMMON   BANK0   BANK1   BANK3   BANK2
      Params:         8       0       0       0       0
      Locals:         1       0       0       0       0
      Temps:          1       0       0       0       0
      Totals:        10       0       0       0       0
Total ram usage:       10 bytes
 Hardware stack levels used:    1
 This function calls:
		Nothing
 This function is called by:
		_send_dec
 This function uses a non-reentrant model


 *************** function ___lldiv *****************
 Defined at:
		line 6 in file "C:\Program Files (x86)\Microchip\xc8\v1.34\sources\common\lldiv.c"
 Parameters:    Size  Location     Type
  divisor         4    0[COMMON] unsigned long 
  dividend        4    4[COMMON] unsigned long 
 Auto vars:     Size  Location     Type
  quotient        4    9[COMMON] unsigned long 
  counter         1   13[COMMON] unsigned char 
 Return value:  Size  Location     Type
                  4    0[COMMON] unsigned long 
 Registers used:
		wreg, status,2, status,0
 Tracked objects:
		On entry : 
		On exit  : 
		Unchanged: 
 Data sizes:     COMMON   BANK0   BANK1   BANK3   BANK2
      Params:         8       0       0       0       0
      Locals:         5       0       0       0       0
      Temps:          1       0       0       0       0
      Totals:        14       0       0       0       0
Total ram usage:       14 bytes
 Hardware stack levels used:    1
 This function calls:
		Nothing
 This function is called by:
		_send_dec
 This function uses a non-reentrant model


 *************** function _lcd_goto *****************
 Defined at:
		line 377 in file "../../Source file/PR25.c"
 Parameters:    Size  Location     Type
  data            1    wreg     unsigned char 
 Auto vars:     Size  Location     Type
  data            1    8[COMMON] unsigned char 
 Return value:  Size  Location     Type
		None               void
 Registers used:
		wreg, status,2, status,0, btemp+1, pclath, cstack
 Tracked objects:
		On entry : 
		On exit  : 
		Unchanged: 
 Data sizes:     COMMON   BANK0   BANK1   BANK3   BANK2
      Params:         0       0       0       0       0
      Locals:         1       0       0       0       0
      Temps:          1       0       0       0       0
      Totals:         2       0       0       0       0
Total ram usage:        2 bytes
 Hardware stack levels used:    1
 Hardware stack levels required when called:    3
 This function calls:
		_send_config
 This function is called by:
		_main
 This function uses a non-reentrant model


 *************** function _lcd_clr *****************
 Defined at:
		line 391 in file "../../Source file/PR25.c"
 Parameters:    Size  Location     Type
		None
 Auto vars:     Size  Location     Type
		None
 Return value:  Size  Location     Type
		None               void
 Registers used:
		wreg, status,2, status,0, btemp+1, pclath, cstack
 Tracked objects:
		On entry : 
		On exit  : 
		Unchanged: 
 Data sizes:     COMMON   BANK0   BANK1   BANK3   BANK2
      Params:         0       0       0       0       0
      Locals:         0       0       0       0       0
      Temps:          0       0       0       0       0
      Totals:         0       0       0       0       0
Total ram usage:        0 bytes
 Hardware stack levels used:    1
 Hardware stack levels required when called:    3
 This function calls:
		_delay
		_send_config
 This function is called by:
		_main
 This function uses a non-reentrant model


 *************** function _init *****************
 Defined at:
		line 268 in file "../../Source file/PR25.c"
 Parameters:    Size  Location     Type
		None
 Auto vars:     Size  Location     Type
		None
 Return value:  Size  Location     Type
		None               void
 Registers used:
		wreg, status,2, status,0, btemp+1, pclath, cstack
 Tracked objects:
		On entry : 
		On exit  : 
		Unchanged: 
 Data sizes:     COMMON   BANK0   BANK1   BANK3   BANK2
      Params:         0       0       0       0       0
      Locals:         0       0       0       0       0
      Temps:          0       0       0       0       0
      Totals:         0       0       0       0       0
Total ram usage:        0 bytes
 Hardware stack levels used:    1
 Hardware stack levels required when called:    3
 This function calls:
		_delay
		_send_config
 This function is called by:
		_main
 This function uses a non-reentrant model


 *************** function _send_config *****************
 Defined at:
		line 299 in file "../../Source file/PR25.c"
 Parameters:    Size  Location     Type
  data            1    wreg     unsigned char 
 Auto vars:     Size  Location     Type
  data            1    6[COMMON] unsigned char 
 Return value:  Size  Location     Type
		None               void
 Registers used:
		wreg, status,2, status,0, btemp+1, pclath, cstack
 Tracked objects:
		On entry : 
		On exit  : 
		Unchanged: 
 Data sizes:     COMMON   BANK0   BANK1   BANK3   BANK2
      Params:         0       0       0       0       0
      Locals:         1       0       0       0       0
      Temps:          0       0       0       0       0
      Totals:         1       0       0       0       0
Total ram usage:        1 bytes
 Hardware stack levels used:    1
 Hardware stack levels required when called:    2
 This function calls:
		_delay
		_e_pulse
 This function is called by:
		_init
		_lcd_goto
		_lcd_clr
 This function uses a non-reentrant model


 *************** function _e_pulse *****************
 Defined at:
		line 369 in file "../../Source file/PR25.c"
 Parameters:    Size  Location     Type
		None
 Auto vars:     Size  Location     Type
		None
 Return value:  Size  Location     Type
		None               void
 Registers used:
		wreg, status,2, status,0, btemp+1, pclath, cstack
 Tracked objects:
		On entry : 
		On exit  : 
		Unchanged: 
 Data sizes:     COMMON   BANK0   BANK1   BANK3   BANK2
      Params:         0       0       0       0       0
      Locals:         0       0       0       0       0
      Temps:          0       0       0       0       0
      Totals:         0       0       0       0       0
Total ram usage:        0 bytes
 Hardware stack levels used:    1
 Hardware stack levels required when called:    1
 This function calls:
		_delay
 This function is called by:
		_send_config
		_send_char
 This function uses a non-reentrant model


 *************** function _delay *****************
 Defined at:
		line 293 in file "../../Source file/PR25.c"
 Parameters:    Size  Location     Type
  data            4    0[COMMON] unsigned long 
 Auto vars:     Size  Location     Type
  i               2    4[COMMON] int 
 Return value:  Size  Location     Type
		None               void
 Registers used:
		wreg, btemp+1
 Tracked objects:
		On entry : 
		On exit  : 
		Unchanged: 
 Data sizes:     COMMON   BANK0   BANK1   BANK3   BANK2
      Params:         4       0       0       0       0
      Locals:         2       0       0       0       0
      Temps:          0       0       0       0       0
      Totals:         6       0       0       0       0
Total ram usage:        6 bytes
 Hardware stack levels used:    1
 This function calls:
		Nothing
 This function is called by:
		_main
		_init
		_send_config
		_send_char
		_e_pulse
		_lcd_clr
 This function uses a non-reentrant model



MODULE INFORMATION

Module		Function		Class		Link	Load	Size
C:\Program Files (x86)\Microchip\xc8\v1.34\sources\common\llmod.c
		___llmod       		CODE           	0150	0000	77

C:\Program Files (x86)\Microchip\xc8\v1.34\sources\common\llmod.c estimated size: 77

shared
		__stringtab    		STRING         	0003	0000	7
		__initializatio		CODE           	07D8	0000	37

shared estimated size: 44

../../Source file/PR25.c
		_send_dec      		CODE           	01FA	0000	628
		_init          		CODE           	0116	0000	59
		_delay         		CODE           	0FD4	0000	23
		_main          		CODE           	046D	0000	876
		_lcd_clr       		CODE           	0FC2	0000	19
		_lcd_goto      		CODE           	0FEA	0000	23
		_send_string   		CODE           	00F7	0000	32
		_send_config   		CODE           	00AA	0000	24
		_e_pulse       		CODE           	00D8	0000	32
		_send_char     		CODE           	00C1	0000	24

../../Source file/PR25.c estimated size: 1740

C:\Program Files (x86)\Microchip\xc8\v1.34\sources\common\lldiv.c
		___lldiv       		CODE           	019C	0000	95

C:\Program Files (x86)\Microchip\xc8\v1.34\sources\common\lldiv.c estimated size: 95

